<?xml version="1.0" encoding="UTF-8" ?>
<!DOCTYPE mapper PUBLIC "-//mybatis.org//DTD Mapper 3.0//EN" "http://mybatis.org/dtd/mybatis-3-mapper.dtd" >
<mapper namespace="golden.mapper.UserMapper" >
  <resultMap id="BaseResultMap" type="golden.model.User" >
    <id column="id" property="id" jdbcType="INTEGER" />
    <result column="account" property="account" jdbcType="VARCHAR" />
    <result column="password" property="password" jdbcType="VARCHAR" />
    <result column="username" property="username" jdbcType="VARCHAR" />
  </resultMap>
  <sql id="Base_Column_List" >
    id, account, password, username
  </sql>
  <select id="selectByPrimaryKey" resultMap="BaseResultMap" parameterType="java.lang.Integer" >
    select * from user where id = #{id,jdbcType=INTEGER}
  </select>
  
  <select id="selectbyaccount" resultMap="BaseResultMap" parameterType="golden.model.User" >
    select * from user where account = #{account}
  </select>
  
  <select id="selectByaccountAndpassword" resultMap="BaseResultMap" parameterType="golden.model.User" >
    select * from user where account = #{account} and password = #{password}
  </select>
  
  <delete id="deleteByPrimaryKey" parameterType="java.lang.Integer" >
    delete from user
    where id = #{id,jdbcType=INTEGER}
  </delete>
  
  <insert id="insert" parameterType="golden.model.User" >
    insert into user (id, account, password, 
      username)
    values (#{id,jdbcType=INTEGER}, #{account,jdbcType=VARCHAR}, #{password,jdbcType=VARCHAR}, 
      #{username,jdbcType=VARCHAR})
  </insert>
  
  <insert id="insertSelective" parameterType="golden.model.User" >
    insert into user
    <trim prefix="(" suffix=")" suffixOverrides="," >
      <if test="id != null" >
        id,
      </if>
      <if test="account != null" >
        username,
      </if>
      <if test="password != null" >
        password,
      </if>
      <if test="username != null" >
        name,
      </if>
    </trim>
    <trim prefix="values (" suffix=")" suffixOverrides="," >
      <if test="id != null" >
        #{id,jdbcType=INTEGER},
      </if>
      <if test="account != null" >
        #{account,jdbcType=VARCHAR},
      </if>
      <if test="password != null" >
        #{password,jdbcType=VARCHAR},
      </if>
      <if test="name != null" >
        #{username,jdbcType=VARCHAR},
      </if>
    </trim>
  </insert>
  
  <update id="updateByPrimaryKeySelective" parameterType="golden.model.User" >
    update user
    <set >
      <if test="username != null" >
        account = #{account,jdbcType=VARCHAR},
      </if>
      <if test="password != null" >
        password = #{password,jdbcType=VARCHAR},
      </if>
      <if test="name != null" >
        username = #{username,jdbcType=VARCHAR},
      </if>
    </set>
    where id = #{id,jdbcType=INTEGER}
  </update>
  
  <update id="updateByPrimaryKey" parameterType="golden.model.User" >
    update user
    set account = #{account,jdbcType=VARCHAR},
      password = #{password,jdbcType=VARCHAR},
      username = #{username,jdbcType=VARCHAR}
    where id = #{id,jdbcType=INTEGER}
  </update>
  
  
  <!--  使用Redis二级缓存
    <cache type="golden.jedis.RedisCache"></cache> -->
  
</mapper>